%!Adobe-FontList 1.04

%BeginFont
Handler:DirectoryHandler
FontType:CMap
CMapName:Adobe-CNS1-H-CID
Registry:Adobe
Ordering:Adobe_CNS1_H_CID
OutlineFileName:\Adobe-CNS1-H-CID
FileLength:2138
%EndFont

%BeginFont
Handler:DirectoryHandler
FontType:CMap
CMapName:Adobe-CNS1-H-Host
Registry:Adobe
Ordering:Adobe_CNS1_H_Host
OutlineFileName:\Adobe-CNS1-H-Host
FileLength:8311
%EndFont

%BeginFont
Handler:DirectoryHandler
FontType:CMap
CMapName:Adobe-CNS1-H-Mac
Registry:Adobe
Ordering:Adobe_CNS1_H_Mac
OutlineFileName:\Adobe-CNS1-H-Mac
FileLength:7866
%EndFont

%BeginFont
Handler:DirectoryHandler
FontType:CMap
CMapName:Adobe-CNS1-UCS2
Registry:Adobe
Ordering:Adobe_CNS1_UCS2
OutlineFileName:\Adobe-CNS1-UCS2
FileLength:242865
%EndFont

%BeginFont
Handler:DirectoryHandler
FontType:CMap
CMapName:Adobe-GB1-GBK-EUC
Registry:Adobe
Ordering:Adobe_GB1_GBK_EUC
OutlineFileName:\Adobe-GB1-GBK-EUC
FileLength:89808
%EndFont

%BeginFont
Handler:DirectoryHandler
FontType:CMap
CMapName:Adobe-GB1-GBpc-EUC
Registry:Adobe
Ordering:Adobe_GB1_GBpc_EUC
OutlineFileName:\Adobe-GB1-GBpc-EUC
FileLength:4340
%EndFont

%BeginFont
Handler:DirectoryHandler
FontType:CMap
CMapName:Adobe-GB1-H-CID
Registry:Adobe
Ordering:Adobe_GB1_H_CID
OutlineFileName:\Adobe-GB1-H-CID
FileLength:2199
%EndFont

%BeginFont
Handler:DirectoryHandler
FontType:CMap
CMapName:Adobe-GB1-H-Host
Registry:Adobe
Ordering:Adobe_GB1_H_Host
OutlineFileName:\Adobe-GB1-H-Host
FileLength:90292
%EndFont

%BeginFont
Handler:DirectoryHandler
FontType:CMap
CMapName:Adobe-GB1-H-Mac
Registry:Adobe
Ordering:Adobe_GB1_H_Mac
OutlineFileName:\Adobe-GB1-H-Mac
FileLength:4225
%EndFont

%BeginFont
Handler:DirectoryHandler
FontType:CMap
CMapName:Adobe-GB1-UCS2
Registry:Adobe
Ordering:Adobe_GB1_UCS2
OutlineFileName:\Adobe-GB1-UCS2
FileLength:219755
%EndFont

%BeginFont
Handler:DirectoryHandler
FontType:CMap
CMapName:Adobe-Japan1-90ms-RKSJ
Registry:Adobe
Ordering:Adobe_Japan1_90ms_RKSJ
OutlineFileName:\Adobe-Japan1-90ms-RKSJ
FileLength:6373
%EndFont

%BeginFont
Handler:DirectoryHandler
FontType:CMap
CMapName:Adobe-Japan1-90pv-RKSJ
Registry:Adobe
Ordering:Adobe_Japan1_90pv_RKSJ
OutlineFileName:\Adobe-Japan1-90pv-RKSJ
FileLength:8364
%EndFont

%BeginFont
Handler:DirectoryHandler
FontType:CMap
CMapName:Adobe-Japan1-H-CID
Registry:Adobe
Ordering:Adobe_Japan1_H_CID
OutlineFileName:\Adobe-Japan1-H-CID
FileLength:2347
%EndFont

%BeginFont
Handler:DirectoryHandler
FontType:CMap
CMapName:Adobe-Japan1-H-Host
Registry:Adobe
Ordering:Adobe_Japan1_H_Host
OutlineFileName:\Adobe-Japan1-H-Host
FileLength:6623
%EndFont

%BeginFont
Handler:DirectoryHandler
FontType:CMap
CMapName:Adobe-Japan1-H-Mac
Registry:Adobe
Ordering:Adobe_Japan1_H_Mac
OutlineFileName:\Adobe-Japan1-H-Mac
FileLength:5454
%EndFont

%BeginFont
Handler:DirectoryHandler
FontType:CMap
CMapName:Adobe-Japan1-PS-H
Registry:Adobe
Ordering:Adobe_Japan1_PS_H
OutlineFileName:\Adobe-Japan1-PS-H
FileLength:22249
%EndFont

%BeginFont
Handler:DirectoryHandler
FontType:CMap
CMapName:Adobe-Japan1-PS-V
Registry:Adobe
Ordering:Adobe_Japan1_PS_V
OutlineFileName:\Adobe-Japan1-PS-V
FileLength:13051
%EndFont

%BeginFont
Handler:DirectoryHandler
FontType:CMap
CMapName:Adobe-Japan1-UCS2
Registry:Adobe
Ordering:Adobe_Japan1_UCS2
OutlineFileName:\Adobe-Japan1-UCS2
FileLength:182199
%EndFont

%BeginFont
Handler:DirectoryHandler
FontType:CMap
CMapName:Adobe-Korea1-H-CID
Registry:Adobe
Ordering:Adobe_Korea1_H_CID
OutlineFileName:\Adobe-Korea1-H-CID
FileLength:1858
%EndFont

%BeginFont
Handler:DirectoryHandler
FontType:CMap
CMapName:Adobe-Korea1-H-Host
Registry:Adobe
Ordering:Adobe_Korea1_H_Host
OutlineFileName:\Adobe-Korea1-H-Host
FileLength:15542
%EndFont

%BeginFont
Handler:DirectoryHandler
FontType:CMap
CMapName:Adobe-Korea1-H-Mac
Registry:Adobe
Ordering:Adobe_Korea1_H_Mac
OutlineFileName:\Adobe-Korea1-H-Mac
FileLength:11110
%EndFont

%BeginFont
Handler:DirectoryHandler
FontType:CMap
CMapName:Adobe-Korea1-KSCms-UHC
Registry:Adobe
Ordering:Adobe_Korea1_KSCms_UHC
OutlineFileName:\Adobe-Korea1-KSCms-UHC
FileLength:15442
%EndFont

%BeginFont
Handler:DirectoryHandler
FontType:CMap
CMapName:Adobe-Korea1-KSCpc-EUC
Registry:Adobe
Ordering:Adobe_Korea1_KSCpc_EUC
OutlineFileName:\Adobe-Korea1-KSCpc-EUC
FileLength:11289
%EndFont

%BeginFont
Handler:DirectoryHandler
FontType:CMap
CMapName:Adobe-Korea1-UCS2
Registry:Adobe
Ordering:Adobe_Korea1_UCS2
OutlineFileName:\Adobe-Korea1-UCS2
FileLength:145648
%EndFont

%BeginFont
Handler:DirectoryHandler
FontType:CMap
CMapName:B5pc-H
Registry:Adobe
Ordering:CNS1
OutlineFileName:\B5pc-H
FileLength:6384
%EndFont

%BeginFont
Handler:DirectoryHandler
FontType:CMap
CMapName:B5pc-UCS2
Registry:Adobe
Ordering:B5pc_UCS2
UseCMap:B5pc-UCS2C
OutlineFileName:\B5pc-UCS2
FileLength:1484
%EndFont

%BeginFont
Handler:DirectoryHandler
FontType:CMap
CMapName:B5pc-UCS2C
Registry:Adobe
Ordering:B5pc_UCS2C
OutlineFileName:\B5pc-UCS2C
FileLength:271782
%EndFont

%BeginFont
Handler:DirectoryHandler
FontType:CMap
CMapName:B5pc-V
Registry:Adobe
Ordering:CNS1
UseCMap:B5pc-H
OutlineFileName:\B5pc-V
FileLength:1773
%EndFont

%BeginFont
Handler:DirectoryHandler
FontType:CMap
CMapName:CNS-EUC-H
Registry:Adobe
Ordering:CNS1
OutlineFileName:\CNS-EUC-H
FileLength:11083
%EndFont

%BeginFont
Handler:DirectoryHandler
FontType:CMap
CMapName:CNS-EUC-V
Registry:Adobe
Ordering:CNS1
OutlineFileName:\CNS-EUC-V
FileLength:12115
%EndFont

%BeginFont
Handler:DirectoryHandler
FontType:CMap
CMapName:ETen-B5-H
Registry:Adobe
Ordering:CNS1
OutlineFileName:\ETen-B5-H
FileLength:6540
%EndFont

%BeginFont
Handler:DirectoryHandler
FontType:CMap
CMapName:ETen-B5-UCS2
Registry:Adobe
Ordering:ETen_B5_UCS2
OutlineFileName:\ETen-B5-UCS2
FileLength:275462
%EndFont

%BeginFont
Handler:DirectoryHandler
FontType:CMap
CMapName:ETen-B5-V
Registry:Adobe
Ordering:CNS1
UseCMap:ETen-B5-H
OutlineFileName:\ETen-B5-V
FileLength:1811
%EndFont

%BeginFont
Handler:DirectoryHandler
FontType:CMap
CMapName:ETenms-B5-H
Registry:Adobe
Ordering:CNS1
UseCMap:ETen-B5-H
OutlineFileName:\ETenms-B5-H
FileLength:1459
%EndFont

%BeginFont
Handler:DirectoryHandler
FontType:CMap
CMapName:ETenms-B5-V
Registry:Adobe
Ordering:CNS1
UseCMap:ETenms-B5-H
OutlineFileName:\ETenms-B5-V
FileLength:1866
%EndFont

%BeginFont
Handler:DirectoryHandler
FontType:CMap
CMapName:ETHK-B5-H
Registry:Adobe
Ordering:CNS1
OutlineFileName:\ETHK-B5-H
FileLength:24206
%EndFont

%BeginFont
Handler:DirectoryHandler
FontType:CMap
CMapName:ETHK-B5-V
Registry:Adobe
Ordering:CNS1
UseCMap:ETHK-B5-H
OutlineFileName:\ETHK-B5-V
FileLength:1790
%EndFont

%BeginFont
Handler:DirectoryHandler
FontType:CMap
CMapName:EUC-H
Registry:Adobe
Ordering:Japan1
OutlineFileName:\EUC-H
FileLength:3912
%EndFont

%BeginFont
Handler:DirectoryHandler
FontType:CMap
CMapName:EUC-V
Registry:Adobe
Ordering:Japan1
UseCMap:EUC-H
OutlineFileName:\EUC-V
FileLength:2060
%EndFont

%BeginFont
Handler:DirectoryHandler
FontType:CMap
CMapName:Ext-RKSJ-H
Registry:Adobe
Ordering:Japan1
OutlineFileName:\Ext-RKSJ-H
FileLength:14444
%EndFont

%BeginFont
Handler:DirectoryHandler
FontType:CMap
CMapName:Ext-RKSJ-V
Registry:Adobe
Ordering:Japan1
UseCMap:Ext-RKSJ-H
OutlineFileName:\Ext-RKSJ-V
FileLength:2318
%EndFont

%BeginFont
Handler:DirectoryHandler
FontType:CMap
CMapName:GB-EUC-H
Registry:Adobe
Ordering:GB1
OutlineFileName:\GB-EUC-H
FileLength:3264
%EndFont

%BeginFont
Handler:DirectoryHandler
FontType:CMap
CMapName:GB-EUC-V
Registry:Adobe
Ordering:GB1
UseCMap:GB-EUC-H
OutlineFileName:\GB-EUC-V
FileLength:1937
%EndFont

%BeginFont
Handler:DirectoryHandler
FontType:CMap
CMapName:GBK-EUC-H
Registry:Adobe
Ordering:GB1
OutlineFileName:\GBK-EUC-H
FileLength:81939
%EndFont

%BeginFont
Handler:DirectoryHandler
FontType:CMap
CMapName:GBK-EUC-UCS2
Registry:Adobe
Ordering:GBK_EUC_UCS2
OutlineFileName:\GBK-EUC-UCS2
FileLength:223084
%EndFont

%BeginFont
Handler:DirectoryHandler
FontType:CMap
CMapName:GBK-EUC-V
Registry:Adobe
Ordering:GB1
UseCMap:GBK-EUC-H
OutlineFileName:\GBK-EUC-V
FileLength:1926
%EndFont

%BeginFont
Handler:DirectoryHandler
FontType:CMap
CMapName:GBK2K-H
Registry:Adobe
Ordering:GB1
OutlineFileName:\GBK2K-H
FileLength:107070
%EndFont

%BeginFont
Handler:DirectoryHandler
FontType:CMap
CMapName:GBK2K-V
Registry:Adobe
Ordering:GB1
UseCMap:GBK2K-H
OutlineFileName:\GBK2K-V
FileLength:2319
%EndFont

%BeginFont
Handler:DirectoryHandler
FontType:CMap
CMapName:GBKp-EUC-H
Registry:Adobe
Ordering:GB1
OutlineFileName:\GBKp-EUC-H
FileLength:81920
%EndFont

%BeginFont
Handler:DirectoryHandler
FontType:CMap
CMapName:GBKp-EUC-V
Registry:Adobe
Ordering:GB1
UseCMap:GBKp-EUC-H
OutlineFileName:\GBKp-EUC-V
FileLength:1930
%EndFont

%BeginFont
Handler:DirectoryHandler
FontType:CMap
CMapName:GBpc-EUC-H
Registry:Adobe
Ordering:GB1
OutlineFileName:\GBpc-EUC-H
FileLength:3292
%EndFont

%BeginFont
Handler:DirectoryHandler
FontType:CMap
CMapName:GBpc-EUC-UCS2
Registry:Adobe
Ordering:GBpc_EUC_UCS2
UseCMap:GBpc-EUC-UCS2C
OutlineFileName:\GBpc-EUC-UCS2
FileLength:1566
%EndFont

%BeginFont
Handler:DirectoryHandler
FontType:CMap
CMapName:GBpc-EUC-UCS2C
Registry:Adobe
Ordering:GBpc_EUC_UCS2C
OutlineFileName:\GBpc-EUC-UCS2C
FileLength:141593
%EndFont

%BeginFont
Handler:DirectoryHandler
FontType:CMap
CMapName:GBpc-EUC-V
Registry:Adobe
Ordering:GB1
UseCMap:GBpc-EUC-H
OutlineFileName:\GBpc-EUC-V
FileLength:1949
%EndFont

%BeginFont
Handler:DirectoryHandler
FontType:CMap
CMapName:GBT-EUC-H
Registry:Adobe
Ordering:GB1
OutlineFileName:\GBT-EUC-H
FileLength:45610
%EndFont

%BeginFont
Handler:DirectoryHandler
FontType:CMap
CMapName:GBT-EUC-V
Registry:Adobe
Ordering:GB1
UseCMap:GBT-EUC-H
OutlineFileName:\GBT-EUC-V
FileLength:1945
%EndFont

%BeginFont
Handler:DirectoryHandler
FontType:CMap
CMapName:H
Registry:Adobe
Ordering:Japan1
OutlineFileName:\H
FileLength:3778
%EndFont

%BeginFont
Handler:DirectoryHandler
FontType:CMap
CMapName:HKdla-B5-H
Registry:Adobe
Ordering:CNS1
OutlineFileName:\HKdla-B5-H
FileLength:22105
%EndFont

%BeginFont
Handler:DirectoryHandler
FontType:CMap
CMapName:HKdla-B5-V
Registry:Adobe
Ordering:CNS1
UseCMap:HKdla-B5-H
OutlineFileName:\HKdla-B5-V
FileLength:1776
%EndFont

%BeginFont
Handler:DirectoryHandler
FontType:CMap
CMapName:HKdlb-B5-H
Registry:Adobe
Ordering:CNS1
OutlineFileName:\HKdlb-B5-H
FileLength:19765
%EndFont

%BeginFont
Handler:DirectoryHandler
FontType:CMap
CMapName:HKdlb-B5-V
Registry:Adobe
Ordering:CNS1
UseCMap:HKdlb-B5-H
OutlineFileName:\HKdlb-B5-V
FileLength:1776
%EndFont

%BeginFont
Handler:DirectoryHandler
FontType:CMap
CMapName:HKgccs-B5-H
Registry:Adobe
Ordering:CNS1
OutlineFileName:\HKgccs-B5-H
FileLength:12560
%EndFont

%BeginFont
Handler:DirectoryHandler
FontType:CMap
CMapName:HKgccs-B5-V
Registry:Adobe
Ordering:CNS1
UseCMap:HKgccs-B5-H
OutlineFileName:\HKgccs-B5-V
FileLength:1782
%EndFont

%BeginFont
Handler:DirectoryHandler
FontType:CMap
CMapName:HKm314-B5-H
Registry:Adobe
Ordering:CNS1
OutlineFileName:\HKm314-B5-H
FileLength:12374
%EndFont

%BeginFont
Handler:DirectoryHandler
FontType:CMap
CMapName:HKm314-B5-V
Registry:Adobe
Ordering:CNS1
UseCMap:HKm314-B5-H
OutlineFileName:\HKm314-B5-V
FileLength:1782
%EndFont

%BeginFont
Handler:DirectoryHandler
FontType:CMap
CMapName:HKm471-B5-H
Registry:Adobe
Ordering:CNS1
OutlineFileName:\HKm471-B5-H
FileLength:15344
%EndFont

%BeginFont
Handler:DirectoryHandler
FontType:CMap
CMapName:HKm471-B5-V
Registry:Adobe
Ordering:CNS1
UseCMap:HKm471-B5-H
OutlineFileName:\HKm471-B5-V
FileLength:1782
%EndFont

%BeginFont
Handler:DirectoryHandler
FontType:CMap
CMapName:HKscs-B5-H
Registry:Adobe
Ordering:CNS1
OutlineFileName:\HKscs-B5-H
FileLength:24264
%EndFont

%BeginFont
Handler:DirectoryHandler
FontType:CMap
CMapName:HKscs-B5-V
Registry:Adobe
Ordering:CNS1
UseCMap:HKscs-B5-H
OutlineFileName:\HKscs-B5-V
FileLength:1796
%EndFont

%BeginFont
Handler:DirectoryHandler
FontType:CMap
CMapName:Identity-H
Registry:Adobe
Ordering:Identity
OutlineFileName:\Identity-H
FileLength:6400
%EndFont

%BeginFont
Handler:DirectoryHandler
FontType:CMap
CMapName:Identity-V
Registry:Adobe
Ordering:Identity
UseCMap:Identity-H
OutlineFileName:\Identity-V
FileLength:1199
%EndFont

%BeginFont
Handler:DirectoryHandler
FontType:CMap
CMapName:KSC-EUC-H
Registry:Adobe
Ordering:Korea1
OutlineFileName:\KSC-EUC-H
FileLength:10565
%EndFont

%BeginFont
Handler:DirectoryHandler
FontType:CMap
CMapName:KSC-EUC-V
Registry:Adobe
Ordering:Korea1
UseCMap:KSC-EUC-H
OutlineFileName:\KSC-EUC-V
FileLength:1873
%EndFont

%BeginFont
Handler:DirectoryHandler
FontType:CMap
CMapName:KSCms-UHC-H
Registry:Adobe
Ordering:Korea1
OutlineFileName:\KSCms-UHC-H
FileLength:14777
%EndFont

%BeginFont
Handler:DirectoryHandler
FontType:CMap
CMapName:KSCms-UHC-HW-H
Registry:Adobe
Ordering:Korea1
OutlineFileName:\KSCms-UHC-HW-H
FileLength:14773
%EndFont

%BeginFont
Handler:DirectoryHandler
FontType:CMap
CMapName:KSCms-UHC-HW-V
Registry:Adobe
Ordering:Korea1
UseCMap:KSCms-UHC-HW-H
OutlineFileName:\KSCms-UHC-HW-V
FileLength:1886
%EndFont

%BeginFont
Handler:DirectoryHandler
FontType:CMap
CMapName:KSCms-UHC-UCS2
Registry:Adobe
Ordering:KSCms_UHC_UCS2
OutlineFileName:\KSCms-UHC-UCS2
FileLength:181397
%EndFont

%BeginFont
Handler:DirectoryHandler
FontType:CMap
CMapName:KSCms-UHC-V
Registry:Adobe
Ordering:Korea1
UseCMap:KSCms-UHC-H
OutlineFileName:\KSCms-UHC-V
FileLength:1887
%EndFont

%BeginFont
Handler:DirectoryHandler
FontType:CMap
CMapName:KSCpc-EUC-H
Registry:Adobe
Ordering:Korea1
OutlineFileName:\KSCpc-EUC-H
FileLength:11392
%EndFont

%BeginFont
Handler:DirectoryHandler
FontType:CMap
CMapName:KSCpc-EUC-UCS2
Registry:Adobe
Ordering:KSCpc_EUC_UCS2
UseCMap:KSCpc-EUC-UCS2C
OutlineFileName:\KSCpc-EUC-UCS2
FileLength:16037
%EndFont

%BeginFont
Handler:DirectoryHandler
FontType:CMap
CMapName:KSCpc-EUC-UCS2C
Registry:Adobe
Ordering:KSCpc_EUC_UCS2C
OutlineFileName:\KSCpc-EUC-UCS2C
FileLength:149898
%EndFont

%BeginFont
Handler:DirectoryHandler
FontType:CMap
CMapName:UCS2-90ms-RKSJ
Registry:Adobe
Ordering:UCS2_90ms_RKSJ
OutlineFileName:\UCS2-90ms-RKSJ
FileLength:148532
%EndFont

%BeginFont
Handler:DirectoryHandler
FontType:CMap
CMapName:UCS2-90pv-RKSJ
Registry:Adobe
Ordering:UCS2_90pv_RKSJ
OutlineFileName:\UCS2-90pv-RKSJ
FileLength:141805
%EndFont

%BeginFont
Handler:DirectoryHandler
FontType:CMap
CMapName:UCS2-B5pc
Registry:Adobe
Ordering:UCS2_B5pc
OutlineFileName:\UCS2-B5pc
FileLength:272092
%EndFont

%BeginFont
Handler:DirectoryHandler
FontType:CMap
CMapName:UCS2-ETen-B5
Registry:Adobe
Ordering:UCS2_ETen_B5
OutlineFileName:\UCS2-ETen-B5
FileLength:285777
%EndFont

%BeginFont
Handler:DirectoryHandler
FontType:CMap
CMapName:UCS2-GBK-EUC
Registry:Adobe
Ordering:UCS2_GBK_EUC
OutlineFileName:\UCS2-GBK-EUC
FileLength:232893
%EndFont

%BeginFont
Handler:DirectoryHandler
FontType:CMap
CMapName:UCS2-GBpc-EUC
Registry:Adobe
Ordering:UCS2_GBpc_EUC
OutlineFileName:\UCS2-GBpc-EUC
FileLength:188376
%EndFont

%BeginFont
Handler:DirectoryHandler
FontType:CMap
CMapName:UCS2-KSCms-UHC
Registry:Adobe
Ordering:UCS2_KCSms_UHC
OutlineFileName:\UCS2-KSCms-UHC
FileLength:187690
%EndFont

%BeginFont
Handler:DirectoryHandler
FontType:CMap
CMapName:UCS2-KSCpc-EUC
Registry:Adobe
Ordering:UCS2_KSCpc_EUC
OutlineFileName:\UCS2-KSCpc-EUC
FileLength:146560
%EndFont

%BeginFont
Handler:DirectoryHandler
FontType:CMap
CMapName:UniCNS-UCS2-H
Registry:Adobe
Ordering:CNS1
OutlineFileName:\UniCNS-UCS2-H
FileLength:325186
%EndFont

%BeginFont
Handler:DirectoryHandler
FontType:CMap
CMapName:UniCNS-UCS2-V
Registry:Adobe
Ordering:CNS1
UseCMap:UniCNS-UCS2-H
OutlineFileName:\UniCNS-UCS2-V
FileLength:1808
%EndFont

%BeginFont
Handler:DirectoryHandler
FontType:CMap
CMapName:UniGB-UCS2-H
Registry:Adobe
Ordering:GB1
OutlineFileName:\UniGB-UCS2-H
FileLength:273220
%EndFont

%BeginFont
Handler:DirectoryHandler
FontType:CMap
CMapName:UniGB-UCS2-V
Registry:Adobe
Ordering:GB1
UseCMap:UniGB-UCS2-H
OutlineFileName:\UniGB-UCS2-V
FileLength:2004
%EndFont

%BeginFont
Handler:DirectoryHandler
FontType:CMap
CMapName:UniJIS-UCS2-H
Registry:Adobe
Ordering:Japan1
OutlineFileName:\UniJIS-UCS2-H
FileLength:167434
%EndFont

%BeginFont
Handler:DirectoryHandler
FontType:CMap
CMapName:UniJIS-UCS2-HW-H
Registry:Adobe
Ordering:Japan1
UseCMap:UniJIS-UCS2-H
OutlineFileName:\UniJIS-UCS2-HW-H
FileLength:1657
%EndFont

%BeginFont
Handler:DirectoryHandler
FontType:CMap
CMapName:UniJIS-UCS2-HW-V
Registry:Adobe
Ordering:Japan1
UseCMap:UniJIS-UCS2-H
OutlineFileName:\UniJIS-UCS2-HW-V
FileLength:5428
%EndFont

%BeginFont
Handler:DirectoryHandler
FontType:CMap
CMapName:UniJIS-UCS2-V
Registry:Adobe
Ordering:Japan1
UseCMap:UniJIS-UCS2-H
OutlineFileName:\UniJIS-UCS2-V
FileLength:5346
%EndFont

%BeginFont
Handler:DirectoryHandler
FontType:CMap
CMapName:UniKS-UCS2-H
Registry:Adobe
Ordering:Korea1
OutlineFileName:\UniKS-UCS2-H
FileLength:164846
%EndFont

%BeginFont
Handler:DirectoryHandler
FontType:CMap
CMapName:UniKS-UCS2-V
Registry:Adobe
Ordering:Korea1
UseCMap:UniKS-UCS2-H
OutlineFileName:\UniKS-UCS2-V
FileLength:1913
%EndFont

%BeginFont
Handler:DirectoryHandler
FontType:CMap
CMapName:V
Registry:Adobe
Ordering:Japan1
UseCMap:H
OutlineFileName:\V
FileLength:2036
%EndFont

%BeginFont
Handler:DirectoryHandler
FontType:CMap
CMapName:83pv-RKSJ-H
Registry:Adobe
Ordering:Japan1
OutlineFileName:\83pv-RKSJ-H
FileLength:5917
%EndFont

%BeginFont
Handler:DirectoryHandler
FontType:CMap
CMapName:90ms-RKSJ-H
Registry:Adobe
Ordering:Japan1
OutlineFileName:\90ms-RKSJ-H
FileLength:4907
%EndFont

%BeginFont
Handler:DirectoryHandler
FontType:CMap
CMapName:90ms-RKSJ-UCS2
Registry:Adobe
Ordering:90ms_RKSJ_UCS2
OutlineFileName:\90ms-RKSJ-UCS2
FileLength:105030
%EndFont

%BeginFont
Handler:DirectoryHandler
FontType:CMap
CMapName:90ms-RKSJ-V
Registry:Adobe
Ordering:Japan1
UseCMap:90ms-RKSJ-H
OutlineFileName:\90ms-RKSJ-V
FileLength:3066
%EndFont

%BeginFont
Handler:DirectoryHandler
FontType:CMap
CMapName:90msp-RKSJ-H
Registry:Adobe
Ordering:Japan1
OutlineFileName:\90msp-RKSJ-H
FileLength:4838
%EndFont

%BeginFont
Handler:DirectoryHandler
FontType:CMap
CMapName:90msp-RKSJ-V
Registry:Adobe
Ordering:Japan1
UseCMap:90msp-RKSJ-H
OutlineFileName:\90msp-RKSJ-V
FileLength:3049
%EndFont

%BeginFont
Handler:DirectoryHandler
FontType:CMap
CMapName:90pv-RKSJ-H
Registry:Adobe
Ordering:Japan1
OutlineFileName:\90pv-RKSJ-H
FileLength:6652
%EndFont

%BeginFont
Handler:DirectoryHandler
FontType:CMap
CMapName:90pv-RKSJ-UCS2
Registry:Adobe
Ordering:90pv_RKSJ_UCS2
UseCMap:90pv-RKSJ-UCS2C
OutlineFileName:\90pv-RKSJ-UCS2
FileLength:2091
%EndFont

%BeginFont
Handler:DirectoryHandler
FontType:CMap
CMapName:90pv-RKSJ-UCS2C
Registry:Adobe
Ordering:90pv_RKSJ_UCS2C
OutlineFileName:\90pv-RKSJ-UCS2C
FileLength:96128
%EndFont

%BeginFont
Handler:DirectoryHandler
FontType:CMap
CMapName:Add-RKSJ-H
Registry:Adobe
Ordering:Japan1
OutlineFileName:\Add-RKSJ-H
FileLength:13875
%EndFont

%BeginFont
Handler:DirectoryHandler
FontType:CMap
CMapName:Add-RKSJ-V
Registry:Adobe
Ordering:Japan1
UseCMap:Add-RKSJ-H
OutlineFileName:\Add-RKSJ-V
FileLength:2660
%EndFont

%BeginFont
Handler:DirectoryHandler
FontType:CMap
CMapName:Adobe-CNS1-B5pc
Registry:Adobe
Ordering:Adobe_CNS1_B5pc
OutlineFileName:\Adobe-CNS1-B5pc
FileLength:7898
%EndFont

%BeginFont
Handler:DirectoryHandler
FontType:CMap
CMapName:Adobe-CNS1-ETenms-B5
Registry:Adobe
Ordering:Adobe_CNS1_ETenms_B5
OutlineFileName:\Adobe-CNS1-ETen-B5
FileLength:8299
%EndFont

